replication gate: {"corr_vw_vs_french": 0.9989114948624341, "months": 1181, "first": "1927-07-31", "last": "2025-11-30", "crsp_last_month": "2025-12-31"} PASSED
{
 "gate_passed": true,
 "full": {
  "T1": {
   "slope": 0.5466919456963635,
   "slope_se": 0.03822781153599946,
   "const": -0.10714245463857273,
   "r2": 0.5041321477345512,
   "corr": 0.7100226388887547,
   "months": 1122
  },
  "T2_ew": {
   "c": 0.8787134978114025,
   "c_se": 0.2017699608163058,
   "c_t_vs_0": 4.355026359009881,
   "c_p_one_sided": 6.6525453452648264e-06,
   "d": -0.21875023434061985,
   "d_se": 0.0581701654506101,
   "wald_c1_d0_stat": 27.19878926289866,
   "wald_c1_d0_p": 1.2412462640140404e-06,
   "r2_gain_over_market": 0.21273061164948381,
   "r2_gain_grundy_martin_in_sample": 0.28364574736580594,
   "share_of_gm": 0.7499869595264339,
   "months": 1122,
   "outcome": "sign and shape confirmed, magnitude off by the factor c"
  },
  "T2_vw": {
   "c": 0.9273319165965641,
   "c_se": 0.19564439686134008,
   "c_t_vs_0": 4.739884870067586,
   "c_p_one_sided": 1.0691984451138836e-06,
   "d": -0.20004944211828743,
   "d_se": 0.056030111521471714,
   "wald_c1_d0_stat": 20.68736984720849,
   "wald_c1_d0_p": 3.2195465973515476e-05,
   "r2_gain_over_market": 0.24205225807765363,
   "r2_gain_grundy_martin_in_sample": 0.3038919526804189,
   "share_of_gm": 0.7965076269466155,
   "months": 1122,
   "outcome": "sign and shape confirmed, magnitude off by the factor c"
  },
  "T2_french": {
   "c": 0.9165572350120992,
   "c_se": 0.19498661479225696,
   "c_t_vs_0": 4.700616173005616,
   "c_p_one_sided": 1.2968882177055718e-06,
   "d": -0.2010093015650863,
   "d_se": 0.05609113854215472,
   "wald_c1_d0_stat": 21.093895763121782,
   "wald_c1_d0_p": 2.6273548599639e-05,
   "r2_gain_over_market": 0.2374076393585025,
   "r2_gain_grundy_martin_in_sample": 0.2995197792309159,
   "share_of_gm": 0.7926275852903598,
   "months": 1122,
   "outcome": "sign and shape confirmed, magnitude off by the factor c"
  }
 },
 "from_1963": {
  "T1": {
   "slope": 0.49198400561908845,
   "slope_se": 0.058848911222217984,
   "const": -0.10020428408968109,
   "r2": 0.39585596632584397,
   "corr": 0.6291708562273398,
   "months": 750
  },
  "T2_ew": {
   "c": 0.9975981122660302,
   "c_se": 0.16682301276936615,
   "c_t_vs_0": 5.979978995135497,
   "c_p_one_sided": 1.1158319823678653e-09,
   "d": -0.1583903693902299,
   "d_se": 0.05556225850680885,
   "wald_c1_d0_stat": 8.485100293080626,
   "wald_c1_d0_p": 0.014370897180888563,
   "r2_gain_over_market": 0.1445288895357112,
   "r2_gain_grundy_martin_in_sample": 0.18292120361985742,
   "share_of_gm": 0.7901155616495273,
   "months": 750,
   "outcome": "sign and shape confirmed, magnitude off by the factor c"
  },
  "T2_vw": {
   "c": 1.094275913934883,
   "c_se": 0.16862881847146657,
   "c_t_vs_0": 6.489258027506394,
   "c_p_one_sided": 4.3130055082940544e-11,
   "d": -0.1541451069488406,
   "d_se": 0.056974546931981854,
   "wald_c1_d0_stat": 7.427629902411024,
   "wald_c1_d0_p": 0.024384320609581667,
   "r2_gain_over_market": 0.16242616409444266,
   "r2_gain_grundy_martin_in_sample": 0.19913006763232177,
   "share_of_gm": 0.8156787471912578,
   "months": 750,
   "outcome": "sign and shape confirmed, magnitude off by the factor c"
  },
  "T2_french": {
   "c": 1.0825465043261708,
   "c_se": 0.16713253963367605,
   "c_t_vs_0": 6.477173784942864,
   "c_p_one_sided": 4.6728287905750676e-11,
   "d": -0.1533015451130384,
   "d_se": 0.057121991883963164,
   "wald_c1_d0_stat": 7.289646408386887,
   "wald_c1_d0_p": 0.026126028417901095,
   "r2_gain_over_market": 0.1591648173558663,
   "r2_gain_grundy_martin_in_sample": 0.19641009106394614,
   "share_of_gm": 0.8103698567302546,
   "months": 750,
   "outcome": "sign and shape confirmed, magnitude off by the factor c"
  }
 }
}
        6.56 real         5.23 user         1.47 sys
          3204333568  maximum resident set size
                   0  average shared memory size
                   0  average unshared data size
                   0  average unshared stack size
              685165  page reclaims
                  43  page faults
                   0  swaps
                   0  block input operations
                   0  block output operations
                   0  messages sent
                   0  messages received
                   0  signals received
                  12  voluntary context switches
                1457  involuntary context switches
         66991143780  instructions retired
         28289183649  cycles elapsed
          4021834192  peak memory footprint
